Archive member included because of file (symbol)

/usr/bin/../lib/gcc/arm-none-eabi/4.8.4/../../../../arm-none-eabi/lib/armv7e-m/libg_s.a(lib_a-errno.o)
                              ./system/src/newlib/_sbrk.o (__errno)
/usr/bin/../lib/gcc/arm-none-eabi/4.8.4/../../../../arm-none-eabi/lib/armv7e-m/libg_s.a(lib_a-impure.o)
                              /usr/bin/../lib/gcc/arm-none-eabi/4.8.4/../../../../arm-none-eabi/lib/armv7e-m/libg_s.a(lib_a-errno.o) (_impure_ptr)
/usr/bin/../lib/gcc/arm-none-eabi/4.8.4/../../../../arm-none-eabi/lib/armv7e-m/libg_s.a(lib_a-strlen.o)
                              ./system/src/diag/Trace.o (strlen)
/usr/bin/../lib/gcc/arm-none-eabi/4.8.4/../../../../arm-none-eabi/lib/armv7e-m/libg_s.a(lib_a-vsnprintf.o)
                              ./system/src/diag/Trace.o (vsnprintf)
/usr/bin/../lib/gcc/arm-none-eabi/4.8.4/../../../../arm-none-eabi/lib/armv7e-m/libg_s.a(lib_a-svfprintf.o)
                              /usr/bin/../lib/gcc/arm-none-eabi/4.8.4/../../../../arm-none-eabi/lib/armv7e-m/libg_s.a(lib_a-vsnprintf.o) (_svfprintf_r)
/usr/bin/../lib/gcc/arm-none-eabi/4.8.4/../../../../arm-none-eabi/lib/armv7e-m/libg_s.a(lib_a-vfprintf_i.o)
                              /usr/bin/../lib/gcc/arm-none-eabi/4.8.4/../../../../arm-none-eabi/lib/armv7e-m/libg_s.a(lib_a-svfprintf.o) (_printf_i)
/usr/bin/../lib/gcc/arm-none-eabi/4.8.4/../../../../arm-none-eabi/lib/armv7e-m/libg_s.a(lib_a-memchr-stub.o)
                              /usr/bin/../lib/gcc/arm-none-eabi/4.8.4/../../../../arm-none-eabi/lib/armv7e-m/libg_s.a(lib_a-svfprintf.o) (memchr)
/usr/bin/../lib/gcc/arm-none-eabi/4.8.4/../../../../arm-none-eabi/lib/armv7e-m/libg_s.a(lib_a-memcpy-stub.o)
                              /usr/bin/../lib/gcc/arm-none-eabi/4.8.4/../../../../arm-none-eabi/lib/armv7e-m/libg_s.a(lib_a-svfprintf.o) (memcpy)
/usr/bin/../lib/gcc/arm-none-eabi/4.8.4/../../../../arm-none-eabi/lib/armv7e-m/libg_s.a(lib_a-memmove.o)
                              /usr/bin/../lib/gcc/arm-none-eabi/4.8.4/../../../../arm-none-eabi/lib/armv7e-m/libg_s.a(lib_a-svfprintf.o) (memmove)
/usr/bin/../lib/gcc/arm-none-eabi/4.8.4/../../../../arm-none-eabi/lib/armv7e-m/libg_s.a(lib_a-nano-freer.o)
                              /usr/bin/../lib/gcc/arm-none-eabi/4.8.4/../../../../arm-none-eabi/lib/armv7e-m/libg_s.a(lib_a-svfprintf.o) (_free_r)
/usr/bin/../lib/gcc/arm-none-eabi/4.8.4/../../../../arm-none-eabi/lib/armv7e-m/libg_s.a(lib_a-nano-mallocr.o)
                              /usr/bin/../lib/gcc/arm-none-eabi/4.8.4/../../../../arm-none-eabi/lib/armv7e-m/libg_s.a(lib_a-svfprintf.o) (_malloc_r)
/usr/bin/../lib/gcc/arm-none-eabi/4.8.4/../../../../arm-none-eabi/lib/armv7e-m/libg_s.a(lib_a-nano-reallocr.o)
                              /usr/bin/../lib/gcc/arm-none-eabi/4.8.4/../../../../arm-none-eabi/lib/armv7e-m/libg_s.a(lib_a-svfprintf.o) (_realloc_r)
/usr/bin/../lib/gcc/arm-none-eabi/4.8.4/../../../../arm-none-eabi/lib/armv7e-m/libg_s.a(lib_a-sbrkr.o)
                              /usr/bin/../lib/gcc/arm-none-eabi/4.8.4/../../../../arm-none-eabi/lib/armv7e-m/libg_s.a(lib_a-nano-mallocr.o) (_sbrk_r)
/usr/bin/../lib/gcc/arm-none-eabi/4.8.4/../../../../arm-none-eabi/lib/armv7e-m/libg_s.a(lib_a-nano-msizer.o)
                              /usr/bin/../lib/gcc/arm-none-eabi/4.8.4/../../../../arm-none-eabi/lib/armv7e-m/libg_s.a(lib_a-nano-reallocr.o) (_malloc_usable_size_r)

Allocating common symbols
Common symbol       size              file

timer_delayCount    0x4               ./src/Timer.o
errno               0x4               ./system/src/newlib/_syscalls.o
pFlash              0x1c              ./system/src/stm32f4-hal/stm32f4xx_hal_flash.o

Discarded input sections

 .group         0x0000000000000000        0x8 ./system/src/stm32f4-hal/stm32f4xx_hal.o
 .group         0x0000000000000000        0x8 ./system/src/stm32f4-hal/stm32f4xx_hal.o
 .group         0x0000000000000000        0x8 ./system/src/stm32f4-hal/stm32f4xx_hal.o
 .group         0x0000000000000000        0x8 ./system/src/stm32f4-hal/stm32f4xx_hal.o
 .group         0x0000000000000000        0x8 ./system/src/stm32f4-hal/stm32f4xx_hal.o
 .group         0x0000000000000000        0x8 ./system/src/stm32f4-hal/stm32f4xx_hal.o
 .group         0x0000000000000000        0x8 ./system/src/stm32f4-hal/stm32f4xx_hal.o
 .group         0x0000000000000000        0x8 ./system/src/stm32f4-hal/stm32f4xx_hal.o
 .group         0x0000000000000000        0x8 ./system/src/stm32f4-hal/stm32f4xx_hal.o
 .group         0x0000000000000000        0x8 ./system/src/stm32f4-hal/stm32f4xx_hal.o
 .group         0x0000000000000000        0x8 ./system/src/stm32f4-hal/stm32f4xx_hal.o
 .group         0x0000000000000000        0x8 ./system/src/stm32f4-hal/stm32f4xx_hal.o
 .group         0x0000000000000000        0x8 ./system/src/stm32f4-hal/stm32f4xx_hal.o
 .group         0x0000000000000000        0x8 ./system/src/stm32f4-hal/stm32f4xx_hal.o
[...]
Memory Configuration

Name             Origin             Length             Attributes
RAM              0x0000000020000000 0x0000000000020000 xrw
CCMRAM           0x0000000010000000 0x0000000000010000 xrw
FLASH            0x0000000008000000 0x0000000000100000 xr
FLASHB1          0x0000000000000000 0x0000000000000000 xr
EXTMEMB0         0x0000000000000000 0x0000000000000000 xr
EXTMEMB1         0x0000000000000000 0x0000000000000000 xr
EXTMEMB2         0x0000000000000000 0x0000000000000000 xr
EXTMEMB3         0x0000000000000000 0x0000000000000000 xr
MEMORY_ARRAY     0x0000000020002000 0x0000000000000020 xrw
*default*        0x0000000000000000 0xffffffffffffffff

Linker script and memory map

LOAD ./system/src/stm32f4-hal/stm32f4xx_hal.o
LOAD ./system/src/stm32f4-hal/stm32f4xx_hal_cortex.o
LOAD ./system/src/stm32f4-hal/stm32f4xx_hal_flash.o
LOAD ./system/src/stm32f4-hal/stm32f4xx_hal_flash_ex.o
LOAD ./system/src/stm32f4-hal/stm32f4xx_hal_gpio.o
LOAD ./system/src/stm32f4-hal/stm32f4xx_hal_iwdg.o
LOAD ./system/src/stm32f4-hal/stm32f4xx_hal_pwr.o
LOAD ./system/src/stm32f4-hal/stm32f4xx_hal_pwr_ex.o
LOAD ./system/src/stm32f4-hal/stm32f4xx_hal_rcc.o
LOAD ./system/src/stm32f4-hal/stm32f4xx_hal_rcc_ex.o
LOAD ./system/src/newlib/_cxx.o
LOAD ./system/src/newlib/_exit.o
LOAD ./system/src/newlib/_sbrk.o
LOAD ./system/src/newlib/_startup.o
LOAD ./system/src/newlib/_syscalls.o
LOAD ./system/src/newlib/_write.o
LOAD ./system/src/newlib/assert.o
LOAD ./system/src/diag/Trace.o
LOAD ./system/src/diag/trace_impl.o
LOAD ./system/src/cortexm/_initialize_hardware.o
LOAD ./system/src/cortexm/_reset_hardware.o
LOAD ./system/src/cortexm/exception_handlers.o
LOAD ./system/src/cmsis/system_stm32f4xx.o
LOAD ./system/src/cmsis/vectors_stm32f4xx.o
LOAD ./src/BlinkLed.o
LOAD ./src/Timer.o
LOAD ./src/UsartConfig.o
LOAD ./src/_initialize_hardware.o
LOAD ./src/main.o
LOAD /usr/bin/../lib/gcc/arm-none-eabi/4.8.4/../../../../arm-none-eabi/lib/armv7e-m/libstdc++_s.a
LOAD /usr/bin/../lib/gcc/arm-none-eabi/4.8.4/../../../../arm-none-eabi/lib/armv7e-m/libm.a
START GROUP
LOAD /usr/bin/../lib/gcc/arm-none-eabi/4.8.4/armv7e-m/libgcc.a
LOAD /usr/bin/../lib/gcc/arm-none-eabi/4.8.4/../../../../arm-none-eabi/lib/armv7e-m/libg_s.a
LOAD /usr/bin/../lib/gcc/arm-none-eabi/4.8.4/../../../../arm-none-eabi/lib/armv7e-m/libc_s.a
END GROUP
START GROUP
LOAD /usr/bin/../lib/gcc/arm-none-eabi/4.8.4/armv7e-m/libgcc.a
LOAD /usr/bin/../lib/gcc/arm-none-eabi/4.8.4/../../../../arm-none-eabi/lib/armv7e-m/libc_s.a
END GROUP
                0x0000000020020000                __stack = (ORIGIN (RAM) + 0x20000)
                0x0000000020020000                _estack = __stack
                0x0000000000000400                __Main_Stack_Size = 0x400
                0x0000000000000400                PROVIDE (_Main_Stack_Size, __Main_Stack_Size)
                0x000000002001fc00                __Main_Stack_Limit = (__stack - __Main_Stack_Size)
                0x000000002001fc00                PROVIDE (_Main_Stack_Limit, __Main_Stack_Limit)
                0x0000000000000100                _Minimum_Stack_Size = 0x100
                0x0000000020000120                PROVIDE (_Heap_Begin, _end_noinit)
                0x000000002001fc00                PROVIDE (_Heap_Limit, (__stack - __Main_Stack_Size))

.isr_vector     0x0000000008000000      0x2c4
                0x0000000008000000                . = ALIGN (0x4)
 *(.isr_vector)
 .isr_vector    0x0000000008000000      0x188 ./system/src/cmsis/vectors_stm32f4xx.o
                0x0000000008000000                __isr_vectors
 *(.cfmconfig)
 *(.after_vectors .after_vectors.*)
 .after_vectors
                0x0000000008000188      0x10c ./system/src/newlib/_startup.o
                0x0000000008000188                _start
 .after_vectors
                0x0000000008000294       0x2c ./system/src/cortexm/exception_handlers.o
                0x0000000008000294                Reset_Handler
                0x000000000800029c                NMI_Handler
                0x00000000080002a0                HardFault_Handler
                0x00000000080002a4                MemManage_Handler
                0x00000000080002a8                BusFault_Handler
                0x00000000080002ac                UsageFault_Handler
                0x00000000080002b0                SVC_Handler
                0x00000000080002b4                DebugMon_Handler
                0x00000000080002b8                PendSV_Handler
 .after_vectors
                0x00000000080002c0        0x4 ./system/src/cmsis/vectors_stm32f4xx.o
                0x00000000080002c0                RTC_Alarm_IRQHandler
                0x00000000080002c0                HASH_RNG_IRQHandler
                0x00000000080002c0                EXTI2_IRQHandler
                0x00000000080002c0                TIM8_CC_IRQHandler
                0x00000000080002c0                SPI4_IRQHandler
                0x00000000080002c0                TIM1_CC_IRQHandler
                0x00000000080002c0                DMA2_Stream5_IRQHandler
                0x00000000080002c0                DMA1_Stream5_IRQHandler
                0x00000000080002c0                PVD_IRQHandler
                0x00000000080002c0                SDIO_IRQHandler
                0x00000000080002c0                TAMP_STAMP_IRQHandler
                0x00000000080002c0                CAN2_RX1_IRQHandler
                0x00000000080002c0                EXTI3_IRQHandler
                0x00000000080002c0                TIM8_TRG_COM_TIM14_IRQHandler
                0x00000000080002c0                TIM1_UP_TIM10_IRQHandler
                0x00000000080002c0                TIM8_UP_TIM13_IRQHandler
                0x00000000080002c0                I2C3_ER_IRQHandler
                0x00000000080002c0                EXTI0_IRQHandler
                0x00000000080002c0                I2C2_EV_IRQHandler
                0x00000000080002c0                DMA1_Stream2_IRQHandler
                0x00000000080002c0                CAN1_RX0_IRQHandler
                0x00000000080002c0                FPU_IRQHandler
                0x00000000080002c0                OTG_HS_WKUP_IRQHandler
                0x00000000080002c0                CAN2_SCE_IRQHandler
                0x00000000080002c0                DMA2_Stream2_IRQHandler
                0x00000000080002c0                SPI1_IRQHandler
                0x00000000080002c0                TIM6_DAC_IRQHandler
                0x00000000080002c0                TIM1_BRK_TIM9_IRQHandler
                0x00000000080002c0                DCMI_IRQHandler
                0x00000000080002c0                CAN2_RX0_IRQHandler
                0x00000000080002c0                DMA2_Stream3_IRQHandler
                0x00000000080002c0                USART6_IRQHandler
                0x00000000080002c0                USART3_IRQHandler
                0x00000000080002c0                CRYP_IRQHandler
                0x00000000080002c0                CAN1_RX1_IRQHandler
                0x00000000080002c0                UART5_IRQHandler
                0x00000000080002c0                DMA2_Stream0_IRQHandler
                0x00000000080002c0                TIM4_IRQHandler
                0x00000000080002c0                I2C1_EV_IRQHandler
                0x00000000080002c0                DMA1_Stream6_IRQHandler
                0x00000000080002c0                DMA1_Stream1_IRQHandler
                0x00000000080002c0                UART4_IRQHandler
                0x00000000080002c0                TIM3_IRQHandler
                0x00000000080002c0                RCC_IRQHandler
                0x00000000080002c0                TIM8_BRK_TIM12_IRQHandler
                0x00000000080002c0                Default_Handler
                0x00000000080002c0                EXTI15_10_IRQHandler
                0x00000000080002c0                ADC_IRQHandler
                0x00000000080002c0                DMA1_Stream7_IRQHandler
                0x00000000080002c0                TIM7_IRQHandler
                0x00000000080002c0                CAN2_TX_IRQHandler
                0x00000000080002c0                TIM5_IRQHandler
                0x00000000080002c0                DMA2_Stream7_IRQHandler
                0x00000000080002c0                I2C3_EV_IRQHandler
                0x00000000080002c0                EXTI9_5_IRQHandler
                0x00000000080002c0                RTC_WKUP_IRQHandler
                0x00000000080002c0                ETH_WKUP_IRQHandler
                0x00000000080002c0                SPI2_IRQHandler
                0x00000000080002c0                OTG_HS_EP1_IN_IRQHandler
                0x00000000080002c0                DMA1_Stream0_IRQHandler
                0x00000000080002c0                CAN1_TX_IRQHandler
                0x00000000080002c0                EXTI4_IRQHandler
                0x00000000080002c0                FSMC_IRQHandler
                0x00000000080002c0                ETH_IRQHandler
                0x00000000080002c0                OTG_HS_EP1_OUT_IRQHandler
                0x00000000080002c0                WWDG_IRQHandler
                0x00000000080002c0                TIM2_IRQHandler
                0x00000000080002c0                OTG_FS_WKUP_IRQHandler
                0x00000000080002c0                TIM1_TRG_COM_TIM11_IRQHandler
                0x00000000080002c0                OTG_HS_IRQHandler
                0x00000000080002c0                EXTI1_IRQHandler
                0x00000000080002c0                USART2_IRQHandler
                0x00000000080002c0                I2C2_ER_IRQHandler
                0x00000000080002c0                DMA2_Stream1_IRQHandler
                0x00000000080002c0                CAN1_SCE_IRQHandler
                0x00000000080002c0                FLASH_IRQHandler
                0x00000000080002c0                DMA2_Stream4_IRQHandler
                0x00000000080002c0                USART1_IRQHandler
                0x00000000080002c0                OTG_FS_IRQHandler
                0x00000000080002c0                SPI3_IRQHandler
                0x00000000080002c0                DMA1_Stream4_IRQHandler
                0x00000000080002c0                I2C1_ER_IRQHandler
                0x00000000080002c0                DMA2_Stream6_IRQHandler
                0x00000000080002c0                DMA1_Stream3_IRQHandler
                0x00000000080002c4                . = ALIGN (0x4)

.inits          0x00000000080002c4        0x0
                0x00000000080002c4                . = ALIGN (0x4)
 *(.init)
 *(.fini)
                0x00000000080002c4                . = ALIGN (0x4)
                0x00000000080002c4                PROVIDE (__preinit_array_start, .)
 *(.preinit_array_sysinit .preinit_array_sysinit.*)
 *(.preinit_array_platform .preinit_array_platform.*)
 *(.preinit_array .preinit_array.*)
                0x00000000080002c4                PROVIDE (__preinit_array_end, .)
                0x00000000080002c4                . = ALIGN (0x4)
                0x00000000080002c4                PROVIDE (__init_array_start, .)
 *(SORT(.init_array.*))
 *(.init_array)
                0x00000000080002c4                PROVIDE (__init_array_end, .)
                0x00000000080002c4                . = ALIGN (0x4)
                0x00000000080002c4                PROVIDE (__fini_array_start, .)
 *(SORT(.fini_array.*))
 *(.fini_array)
                0x00000000080002c4                PROVIDE (__fini_array_end, .)
                0x00000000080002c4                . = ALIGN (0x4)

.flashtext      0x00000000080002c4        0x0
                0x00000000080002c4                . = ALIGN (0x4)
 *(.flashtext .flashtext.*)
                0x00000000080002c4                . = ALIGN (0x4)

.text           0x00000000080002c4     0x1849
                0x00000000080002c4                . = ALIGN (0x4)
 *(.text .text.*)
 .text.HAL_MspInit
                0x00000000080002c4        0x4 ./system/src/stm32f4-hal/stm32f4xx_hal.o
                0x00000000080002c4                HAL_MspInit
 .text.HAL_Init
                0x00000000080002c8       0x38 ./system/src/stm32f4-hal/stm32f4xx_hal.o
                0x00000000080002c8                HAL_Init
 .text.HAL_GetTick
                0x0000000008000300        0xc ./system/src/stm32f4-hal/stm32f4xx_hal.o
                0x0000000008000300                HAL_GetTick
 .text.HAL_NVIC_SetPriorityGrouping
                0x000000000800030c       0x3c ./system/src/stm32f4-hal/stm32f4xx_hal_cortex.o
                0x000000000800030c                HAL_NVIC_SetPriorityGrouping
 .text.HAL_SYSTICK_Config
                0x0000000008000348       0x30 ./system/src/stm32f4-hal/stm32f4xx_hal_cortex.o
                0x0000000008000348                HAL_SYSTICK_Config
 .text.HAL_GPIO_WritePin
                0x0000000008000378       0x88 ./system/src/stm32f4-hal/stm32f4xx_hal_gpio.o
                0x0000000008000378                HAL_GPIO_WritePin
 .text.HAL_RCC_OscConfig
                0x0000000008000400      0x590 ./system/src/stm32f4-hal/stm32f4xx_hal_rcc.o
                0x0000000008000400                HAL_RCC_OscConfig
 .text.HAL_RCC_GetSysClockFreq
                0x0000000008000990       0xb4 ./system/src/stm32f4-hal/stm32f4xx_hal_rcc.o
                0x0000000008000990                HAL_RCC_GetSysClockFreq
 .text.HAL_RCC_GetHCLKFreq
                0x0000000008000a44       0x3c ./system/src/stm32f4-hal/stm32f4xx_hal_rcc.o
                0x0000000008000a44                HAL_RCC_GetHCLKFreq
 .text.HAL_RCC_ClockConfig
                0x0000000008000a80      0x398 ./system/src/stm32f4-hal/stm32f4xx_hal_rcc.o
                0x0000000008000a80                HAL_RCC_ClockConfig
 .text._exit    0x0000000008000e18        0x4 ./system/src/newlib/_exit.o
                0x0000000008000e18                _exit
 .text.abort    0x0000000008000e1c       0x14 ./system/src/newlib/_exit.o
                0x0000000008000e1c                abort
 .text._sbrk    0x0000000008000e30       0x44 ./system/src/newlib/_sbrk.o
                0x0000000008000e30                _sbrk
 .text.__initialize_args
                0x0000000008000e74       0x10 ./system/src/newlib/_syscalls.o
                0x0000000008000e74                __initialize_args
 .text.assert_failed
                0x0000000008000e84       0x18 ./system/src/newlib/assert.o
                0x0000000008000e84                assert_failed
 .text.trace_printf
                0x0000000008000e9c       0x34 ./system/src/diag/Trace.o
                0x0000000008000e9c                trace_printf
 .text.trace_puts
                0x0000000008000ed0       0x20 ./system/src/diag/Trace.o
                0x0000000008000ed0                trace_puts
 .text._trace_write_semihosting_stdout
                0x0000000008000ef0       0x84 ./system/src/diag/trace_impl.o
 .text.trace_write
                0x0000000008000f74        0x8 ./system/src/diag/trace_impl.o
                0x0000000008000f74                trace_write
 .text.SystemInit
                0x0000000008000f7c       0x40 ./system/src/cmsis/system_stm32f4xx.o
                0x0000000008000f7c                SystemInit
 .text.timer_start
                0x0000000008000fbc       0x3c ./src/Timer.o
                0x0000000008000fbc                timer_start
 .text.timer_sleep
                0x0000000008000ff8       0x14 ./src/Timer.o
                0x0000000008000ff8                timer_sleep
 .text.timer_tick
                0x000000000800100c       0x14 ./src/Timer.o
                0x000000000800100c                timer_tick
 .text.SysTick_Handler
                0x0000000008001020        0x8 ./src/Timer.o
                0x0000000008001020                SysTick_Handler
 .text.configure_system_clock
                0x0000000008001028       0x68 ./src/_initialize_hardware.o
                0x0000000008001028                configure_system_clock
 .text.__initialize_hardware
                0x0000000008001090       0x10 ./src/_initialize_hardware.o
                0x0000000008001090                __initialize_hardware
 .text.main     0x00000000080010a0       0x64 ./src/main.o
                0x00000000080010a0                main
 .text.__errno  0x0000000008001104        0xc /usr/bin/../lib/gcc/arm-none-eabi/4.8.4/../../../../arm-none-eabi/lib/armv7e-m/libg_s.a(lib_a-errno.o)
                0x0000000008001104                __errno
 .text.strlen   0x0000000008001110       0x10 /usr/bin/../lib/gcc/arm-none-eabi/4.8.4/../../../../arm-none-eabi/lib/armv7e-m/libg_s.a(lib_a-strlen.o)
                0x0000000008001110                strlen
 .text._vsnprintf_r
                0x0000000008001120       0x52 /usr/bin/../lib/gcc/arm-none-eabi/4.8.4/../../../../arm-none-eabi/lib/armv7e-m/libg_s.a(lib_a-vsnprintf.o)
                0x0000000008001120                _vsnprintf_r
                0x0000000008001120                _vsniprintf_r
 *fill*         0x0000000008001172        0x2 
 .text.vsnprintf
                0x0000000008001174       0x20 /usr/bin/../lib/gcc/arm-none-eabi/4.8.4/../../../../arm-none-eabi/lib/armv7e-m/libg_s.a(lib_a-vsnprintf.o)
                0x0000000008001174                vsnprintf
                0x0000000008001174                vsniprintf
 .text.__ssputs_r
                0x0000000008001194       0xb8 /usr/bin/../lib/gcc/arm-none-eabi/4.8.4/../../../../arm-none-eabi/lib/armv7e-m/libg_s.a(lib_a-svfprintf.o)
                0x0000000008001194                __ssputs_r
 .text._svfprintf_r
                0x000000000800124c      0x1dc /usr/bin/../lib/gcc/arm-none-eabi/4.8.4/../../../../arm-none-eabi/lib/armv7e-m/libg_s.a(lib_a-svfprintf.o)
                0x000000000800124c                _svfprintf_r
                0x000000000800124c                _svfiprintf_r
 .text._printf_common
                0x0000000008001428       0xe4 /usr/bin/../lib/gcc/arm-none-eabi/4.8.4/../../../../arm-none-eabi/lib/armv7e-m/libg_s.a(lib_a-vfprintf_i.o)
                0x0000000008001428                _printf_common
 .text._printf_i
                0x000000000800150c      0x228 /usr/bin/../lib/gcc/arm-none-eabi/4.8.4/../../../../arm-none-eabi/lib/armv7e-m/libg_s.a(lib_a-vfprintf_i.o)
                0x000000000800150c                _printf_i
 .text.memchr   0x0000000008001734       0x1e /usr/bin/../lib/gcc/arm-none-eabi/4.8.4/../../../../arm-none-eabi/lib/armv7e-m/libg_s.a(lib_a-memchr-stub.o)
                0x0000000008001734                memchr
 .text.memcpy   0x0000000008001752       0x12 /usr/bin/../lib/gcc/arm-none-eabi/4.8.4/../../../../arm-none-eabi/lib/armv7e-m/libg_s.a(lib_a-memcpy-stub.o)
                0x0000000008001752                memcpy
 .text.memmove  0x0000000008001764       0x36 /usr/bin/../lib/gcc/arm-none-eabi/4.8.4/../../../../arm-none-eabi/lib/armv7e-m/libg_s.a(lib_a-memmove.o)
                0x0000000008001764                memmove
 *fill*         0x000000000800179a        0x2 
 .text._free_r  0x000000000800179c       0x88 /usr/bin/../lib/gcc/arm-none-eabi/4.8.4/../../../../arm-none-eabi/lib/armv7e-m/libg_s.a(lib_a-nano-freer.o)
                0x000000000800179c                _free_r
 .text._malloc_r
                0x0000000008001824       0xa8 /usr/bin/../lib/gcc/arm-none-eabi/4.8.4/../../../../arm-none-eabi/lib/armv7e-m/libg_s.a(lib_a-nano-mallocr.o)
                0x0000000008001824                _malloc_r
 .text._realloc_r
                0x00000000080018cc       0x4c /usr/bin/../lib/gcc/arm-none-eabi/4.8.4/../../../../arm-none-eabi/lib/armv7e-m/libg_s.a(lib_a-nano-reallocr.o)
                0x00000000080018cc                _realloc_r
 .text._sbrk_r  0x0000000008001918       0x20 /usr/bin/../lib/gcc/arm-none-eabi/4.8.4/../../../../arm-none-eabi/lib/armv7e-m/libg_s.a(lib_a-sbrkr.o)
                0x0000000008001918                _sbrk_r
 .text._malloc_usable_size_r
                0x0000000008001938       0x12 /usr/bin/../lib/gcc/arm-none-eabi/4.8.4/../../../../arm-none-eabi/lib/armv7e-m/libg_s.a(lib_a-nano-msizer.o)
                0x0000000008001938                _malloc_usable_size_r
 *(.rodata .rodata.*)
 *fill*         0x000000000800194a        0x2 
 .rodata.str1.4
                0x000000000800194c       0x31 ./system/src/stm32f4-hal/stm32f4xx_hal_cortex.o
                                         0x34 (size before relaxing)
 *fill*         0x000000000800197d        0x3 
 .rodata.str1.4
                0x0000000008001980       0x2f ./system/src/stm32f4-hal/stm32f4xx_hal_gpio.o
                                         0x30 (size before relaxing)
 *fill*         0x00000000080019af        0x1 
 .rodata.APBAHBPrescTable
                0x00000000080019b0       0x10 ./system/src/stm32f4-hal/stm32f4xx_hal_rcc.o
                0x00000000080019b0                APBAHBPrescTable
 .rodata.str1.4
                0x00000000080019c0       0x2e ./system/src/stm32f4-hal/stm32f4xx_hal_rcc.o
                                         0x30 (size before relaxing)
 *fill*         0x00000000080019ee        0x2 
 .rodata.str1.4
                0x00000000080019f0       0x14 ./system/src/newlib/_exit.o
 .rodata.str1.4
                0x0000000008001a04       0x6b ./system/src/newlib/assert.o
                                         0x70 (size before relaxing)
 *fill*         0x0000000008001a6f        0x1 
 .rodata.str1.4
                0x0000000008001a70       0x2d ./system/src/diag/Trace.o
                                         0x30 (size before relaxing)
 *fill*         0x0000000008001a9d        0x3 
 .rodata.str1.4
                0x0000000008001aa0        0x4 ./system/src/diag/trace_impl.o
 .rodata.str1.4
                0x0000000008001aa4       0x34 ./src/main.o
 .rodata.str1.1
                0x0000000008001ad8        0x2 /usr/bin/../lib/gcc/arm-none-eabi/4.8.4/../../../../arm-none-eabi/lib/armv7e-m/libg_s.a(lib_a-impure.o)
 .rodata.str1.1
                0x0000000008001ada       0x11 /usr/bin/../lib/gcc/arm-none-eabi/4.8.4/../../../../arm-none-eabi/lib/armv7e-m/libg_s.a(lib_a-svfprintf.o)
 .rodata.str1.1
                0x0000000008001aeb       0x22 /usr/bin/../lib/gcc/arm-none-eabi/4.8.4/../../../../arm-none-eabi/lib/armv7e-m/libg_s.a(lib_a-vfprintf_i.o)
 *(vtable)
 *(.eh_frame*)
 *(.glue_7)
 .glue_7        0x0000000000000000        0x0 linker stubs
 *(.glue_7t)
 .glue_7t       0x0000000000000000        0x0 linker stubs

.vfp11_veneer   0x0000000008001b10        0x0
 .vfp11_veneer  0x0000000000000000        0x0 linker stubs

.v4_bx          0x0000000008001b10        0x0
 .v4_bx         0x0000000000000000        0x0 linker stubs

.iplt           0x0000000008001b10        0x0
 .iplt          0x0000000000000000        0x0 ./system/src/stm32f4-hal/stm32f4xx_hal.o

.rel.dyn        0x0000000008001b10        0x0
 .rel.iplt      0x0000000000000000        0x0 ./system/src/stm32f4-hal/stm32f4xx_hal.o

.ARM.extab
 *(.ARM.extab* .gnu.linkonce.armextab.*)
                0x0000000008001b10                __exidx_start = .

.ARM.exidx
 *(.ARM.exidx* .gnu.linkonce.armexidx.*)
                0x0000000008001b10                __exidx_end = .
                0x0000000008001b10                . = ALIGN (0x4)
                0x0000000008001b10                _etext = .
                0x0000000008001b10                __etext = .
                0x0000000008001b10                _sidata = _etext

.data           0x0000000020000000       0x78 load address 0x0000000008001b10
                0x0000000020000000                . = ALIGN (0x4)
                0x0000000020000000                _sdata = .
                0x0000000020000000                __data_start__ = .
 *(.data_begin .data_begin.*)
 .data_begin    0x0000000020000000        0x4 ./system/src/newlib/_startup.o
 *(.data .data.*)
 .data.argv.4461
                0x0000000020000004        0x8 ./system/src/newlib/_syscalls.o
 .data.SystemCoreClock
                0x000000002000000c        0x4 ./system/src/cmsis/system_stm32f4xx.o
                0x000000002000000c                SystemCoreClock
 .data.impure_data
                0x0000000020000010       0x60 /usr/bin/../lib/gcc/arm-none-eabi/4.8.4/../../../../arm-none-eabi/lib/armv7e-m/libg_s.a(lib_a-impure.o)
 .data._impure_ptr
                0x0000000020000070        0x4 /usr/bin/../lib/gcc/arm-none-eabi/4.8.4/../../../../arm-none-eabi/lib/armv7e-m/libg_s.a(lib_a-impure.o)
                0x0000000020000070                _impure_ptr
 *(.data_end .data_end.*)
 .data_end      0x0000000020000074        0x4 ./system/src/newlib/_startup.o
                0x0000000020000078                . = ALIGN (0x4)
                0x0000000020000078                _edata = .
                0x0000000020000078                __data_end__ = .

.igot.plt       0x0000000020000078        0x0 load address 0x0000000008001b88
 .igot.plt      0x0000000000000000        0x0 ./system/src/stm32f4-hal/stm32f4xx_hal.o

.bss            0x0000000020000078       0xa8 load address 0x0000000008001b88
                0x0000000020000078                . = ALIGN (0x4)
                0x0000000020000078                __bss_start__ = .
                0x0000000020000078                _sbss = .
 *(.bss_begin .bss_begin.*)
 .bss_begin     0x0000000020000078        0x4 ./system/src/newlib/_startup.o
 *(.bss .bss.*)
 .bss.uwTick    0x000000002000007c        0x4 ./system/src/stm32f4-hal/stm32f4xx_hal.o
 .bss.current_heap_end.4289
                0x0000000020000080        0x4 ./system/src/newlib/_sbrk.o
 .bss.name.4460
                0x0000000020000084        0x4 ./system/src/newlib/_syscalls.o
 .bss.buf.5352  0x0000000020000088       0x80 ./system/src/diag/Trace.o
 .bss.handle.5775
                0x0000000020000108        0x4 ./system/src/diag/trace_impl.o
 .bss.__malloc_sbrk_start
                0x000000002000010c        0x4 /usr/bin/../lib/gcc/arm-none-eabi/4.8.4/../../../../arm-none-eabi/lib/armv7e-m/libg_s.a(lib_a-nano-mallocr.o)
                0x000000002000010c                __malloc_sbrk_start
 .bss.__malloc_free_list
                0x0000000020000110        0x4 /usr/bin/../lib/gcc/arm-none-eabi/4.8.4/../../../../arm-none-eabi/lib/armv7e-m/libg_s.a(lib_a-nano-mallocr.o)
                0x0000000020000110                __malloc_free_list
 *(COMMON)
 COMMON         0x0000000020000114        0x4 ./system/src/newlib/_syscalls.o
                0x0000000020000114                errno
 COMMON         0x0000000020000118        0x4 ./src/Timer.o
                0x0000000020000118                timer_delayCount
 *(.bss_end .bss_end.*)
 .bss_end       0x000000002000011c        0x4 ./system/src/newlib/_startup.o
                0x0000000020000120                . = ALIGN (0x4)
                0x0000000020000120                __bss_end__ = .
                0x0000000020000120                _ebss = .

.noinit         0x0000000020000120        0x0
                0x0000000020000120                . = ALIGN (0x4)
                0x0000000020000120                _noinit = .
 *(.noinit .noinit.*)
                0x0000000020000120                . = ALIGN (0x4)
                0x0000000020000120                _end_noinit = .
                0x0000000020000120                PROVIDE (end, _end_noinit)
                0x0000000020000120                PROVIDE (_end, _end_noinit)
                0x0000000020000120                PROVIDE (__end, _end_noinit)
                0x0000000020000120                PROVIDE (__end__, _end_noinit)

._check_stack   0x0000000020000120      0x100 load address 0x0000000008001c30
                0x0000000020000120                . = ALIGN (0x4)
                0x0000000020000220                . = (. + _Minimum_Stack_Size)
 *fill*         0x0000000020000120      0x100 
                0x0000000020000220                . = ALIGN (0x4)

.bss_CCMRAM
 *(.bss.CCMRAM .bss.CCMRAM.*)

.b1text
 *(.b1text)
 *(.b1rodata)
 *(.b1rodata.*)

.eb0text
 *(.eb0text)
 *(.eb0rodata)
 *(.eb0rodata.*)

.eb1text
 *(.eb1text)
 *(.eb1rodata)
 *(.eb1rodata.*)

.eb2text
 *(.eb2text)
 *(.eb2rodata)
 *(.eb2rodata.*)

.eb3text
 *(.eb3text)
 *(.eb3rodata)
 *(.eb3rodata.*)

.stab
 *(.stab)

.stabstr
 *(.stabstr)

.stab.excl
 *(.stab.excl)

.stab.exclstr
 *(.stab.exclstr)

.stab.index
 *(.stab.index)

.stab.indexstr
 *(.stab.indexstr)

.comment        0x0000000000000000       0x8f
 *(.comment)
 .comment       0x0000000000000000       0x1f ./system/src/stm32f4-hal/stm32f4xx_hal.o
                                         0x20 (size before relaxing)
 .comment       0x0000000000000000       0x20 ./system/src/stm32f4-hal/stm32f4xx_hal_cortex.o
 .comment       0x0000000000000000       0x20 ./system/src/stm32f4-hal/stm32f4xx_hal_gpio.o
 .comment       0x0000000000000000       0x20 ./system/src/stm32f4-hal/stm32f4xx_hal_rcc.o
 .comment       0x000000000000001f       0x70 ./system/src/newlib/_exit.o
                                         0x71 (size before relaxing)
 .comment       0x0000000000000000       0x71 ./system/src/newlib/_sbrk.o
 .comment       0x0000000000000000       0x71 ./system/src/newlib/_startup.o
 .comment       0x0000000000000000       0x71 ./system/src/newlib/_syscalls.o
 .comment       0x0000000000000000       0x71 ./system/src/newlib/assert.o
 .comment       0x0000000000000000       0x71 ./system/src/diag/Trace.o
 .comment       0x0000000000000000       0x71 ./system/src/diag/trace_impl.o
 .comment       0x0000000000000000       0x71 ./system/src/cortexm/exception_handlers.o
 .comment       0x0000000000000000       0x71 ./system/src/cmsis/system_stm32f4xx.o
 .comment       0x0000000000000000       0x71 ./system/src/cmsis/vectors_stm32f4xx.o
 .comment       0x0000000000000000       0x71 ./src/Timer.o
 .comment       0x0000000000000000       0x71 ./src/_initialize_hardware.o
 .comment       0x0000000000000000       0x71 ./src/main.o

.ARM.attributes
                0x0000000000000000       0x33
 .ARM.attributes
                0x0000000000000000       0x33 ./system/src/stm32f4-hal/stm32f4xx_hal.o
 .ARM.attributes
                0x0000000000000033       0x33 ./system/src/stm32f4-hal/stm32f4xx_hal_cortex.o
 .ARM.attributes
                0x0000000000000066       0x33 ./system/src/stm32f4-hal/stm32f4xx_hal_gpio.o
 .ARM.attributes
                0x0000000000000099       0x33 ./system/src/stm32f4-hal/stm32f4xx_hal_rcc.o
 .ARM.attributes
                0x00000000000000cc       0x33 ./system/src/newlib/_exit.o
 .ARM.attributes
                0x00000000000000ff       0x33 ./system/src/newlib/_sbrk.o
 .ARM.attributes
                0x0000000000000132       0x33 ./system/src/newlib/_startup.o
 .ARM.attributes
                0x0000000000000165       0x33 ./system/src/newlib/_syscalls.o
 .ARM.attributes
                0x0000000000000198       0x33 ./system/src/newlib/assert.o
 .ARM.attributes
                0x00000000000001cb       0x33 ./system/src/diag/Trace.o
 .ARM.attributes
                0x00000000000001fe       0x33 ./system/src/diag/trace_impl.o
 .ARM.attributes
                0x0000000000000231       0x33 ./system/src/cortexm/exception_handlers.o
 .ARM.attributes
                0x0000000000000264       0x33 ./system/src/cmsis/system_stm32f4xx.o
 .ARM.attributes
                0x0000000000000297       0x33 ./system/src/cmsis/vectors_stm32f4xx.o
 .ARM.attributes
                0x00000000000002ca       0x33 ./src/Timer.o
 .ARM.attributes
                0x00000000000002fd       0x33 ./src/_initialize_hardware.o
 .ARM.attributes
                0x0000000000000330       0x33 ./src/main.o
 .ARM.attributes
                0x0000000000000363       0x2e /usr/bin/../lib/gcc/arm-none-eabi/4.8.4/../../../../arm-none-eabi/lib/armv7e-m/libg_s.a(lib_a-errno.o)
 .ARM.attributes
                0x0000000000000391       0x2e /usr/bin/../lib/gcc/arm-none-eabi/4.8.4/../../../../arm-none-eabi/lib/armv7e-m/libg_s.a(lib_a-impure.o)
 .ARM.attributes
                0x00000000000003bf       0x2e /usr/bin/../lib/gcc/arm-none-eabi/4.8.4/../../../../arm-none-eabi/lib/armv7e-m/libg_s.a(lib_a-strlen.o)
 .ARM.attributes
                0x00000000000003ed       0x2e /usr/bin/../lib/gcc/arm-none-eabi/4.8.4/../../../../arm-none-eabi/lib/armv7e-m/libg_s.a(lib_a-vsnprintf.o)
 .ARM.attributes
                0x000000000000041b       0x2e /usr/bin/../lib/gcc/arm-none-eabi/4.8.4/../../../../arm-none-eabi/lib/armv7e-m/libg_s.a(lib_a-svfprintf.o)
 .ARM.attributes
                0x0000000000000449       0x2e /usr/bin/../lib/gcc/arm-none-eabi/4.8.4/../../../../arm-none-eabi/lib/armv7e-m/libg_s.a(lib_a-vfprintf_i.o)
 .ARM.attributes
                0x0000000000000477       0x2e /usr/bin/../lib/gcc/arm-none-eabi/4.8.4/../../../../arm-none-eabi/lib/armv7e-m/libg_s.a(lib_a-memchr-stub.o)
 .ARM.attributes
                0x00000000000004a5       0x2e /usr/bin/../lib/gcc/arm-none-eabi/4.8.4/../../../../arm-none-eabi/lib/armv7e-m/libg_s.a(lib_a-memcpy-stub.o)
 .ARM.attributes
                0x00000000000004d3       0x2e /usr/bin/../lib/gcc/arm-none-eabi/4.8.4/../../../../arm-none-eabi/lib/armv7e-m/libg_s.a(lib_a-memmove.o)
 .ARM.attributes
                0x0000000000000501       0x2e /usr/bin/../lib/gcc/arm-none-eabi/4.8.4/../../../../arm-none-eabi/lib/armv7e-m/libg_s.a(lib_a-nano-freer.o)
 .ARM.attributes
                0x000000000000052f       0x2e /usr/bin/../lib/gcc/arm-none-eabi/4.8.4/../../../../arm-none-eabi/lib/armv7e-m/libg_s.a(lib_a-nano-mallocr.o)
 .ARM.attributes
                0x000000000000055d       0x2e /usr/bin/../lib/gcc/arm-none-eabi/4.8.4/../../../../arm-none-eabi/lib/armv7e-m/libg_s.a(lib_a-nano-reallocr.o)
 .ARM.attributes
                0x000000000000058b       0x2e /usr/bin/../lib/gcc/arm-none-eabi/4.8.4/../../../../arm-none-eabi/lib/armv7e-m/libg_s.a(lib_a-sbrkr.o)
 .ARM.attributes
                0x00000000000005b9       0x2e /usr/bin/../lib/gcc/arm-none-eabi/4.8.4/../../../../arm-none-eabi/lib/armv7e-m/libg_s.a(lib_a-nano-msizer.o)

.debug
 *(.debug)

.line
 *(.line)

.debug_srcinfo
 *(.debug_srcinfo)

.debug_sfnames
 *(.debug_sfnames)

.debug_aranges  0x0000000000000000      0x528
 *(.debug_aranges)
 .debug_aranges
                0x0000000000000000       0xa8 ./system/src/stm32f4-hal/stm32f4xx_hal.o
 .debug_aranges
                0x00000000000000a8       0x90 ./system/src/stm32f4-hal/stm32f4xx_hal_cortex.o
 .debug_aranges
                0x0000000000000138       0x50 ./system/src/stm32f4-hal/stm32f4xx_hal_gpio.o
 .debug_aranges
                0x0000000000000188       0x88 ./system/src/stm32f4-hal/stm32f4xx_hal_rcc.o
 .debug_aranges
                0x0000000000000210       0x28 ./system/src/newlib/_exit.o
 .debug_aranges
                0x0000000000000238       0x20 ./system/src/newlib/_sbrk.o
 .debug_aranges
                0x0000000000000258       0x40 ./system/src/newlib/_startup.o
 .debug_aranges
                0x0000000000000298       0xd0 ./system/src/newlib/_syscalls.o
 .debug_aranges
                0x0000000000000368       0x28 ./system/src/newlib/assert.o
 .debug_aranges
                0x0000000000000390       0x38 ./system/src/diag/Trace.o
 .debug_aranges
                0x00000000000003c8       0x30 ./system/src/diag/trace_impl.o
 .debug_aranges
                0x00000000000003f8       0x68 ./system/src/cortexm/exception_handlers.o
 .debug_aranges
                0x0000000000000460       0x28 ./system/src/cmsis/system_stm32f4xx.o
 .debug_aranges
                0x0000000000000488       0x20 ./system/src/cmsis/vectors_stm32f4xx.o
 .debug_aranges
                0x00000000000004a8       0x38 ./src/Timer.o
 .debug_aranges
                0x00000000000004e0       0x28 ./src/_initialize_hardware.o
 .debug_aranges
                0x0000000000000508       0x20 ./src/main.o

.debug_pubnames
 *(.debug_pubnames)

.debug_info     0x0000000000000000     0x5ff0
 *(.debug_info .gnu.linkonce.wi.*)
 .debug_info    0x0000000000000000      0x577 ./system/src/stm32f4-hal/stm32f4xx_hal.o
 .debug_info    0x0000000000000577      0xd8f ./system/src/stm32f4-hal/stm32f4xx_hal_cortex.o
 .debug_info    0x0000000000001306      0x79f ./system/src/stm32f4-hal/stm32f4xx_hal_gpio.o
 .debug_info    0x0000000000001aa5     0x17f9 ./system/src/stm32f4-hal/stm32f4xx_hal_rcc.o
 .debug_info    0x000000000000329e      0x100 ./system/src/newlib/_exit.o
 .debug_info    0x000000000000339e      0x125 ./system/src/newlib/_sbrk.o
 .debug_info    0x00000000000034c3      0x469 ./system/src/newlib/_startup.o
 .debug_info    0x000000000000392c      0x8f3 ./system/src/newlib/_syscalls.o
 .debug_info    0x000000000000421f      0x1cd ./system/src/newlib/assert.o
 .debug_info    0x00000000000043ec      0x325 ./system/src/diag/Trace.o
 .debug_info    0x0000000000004711      0x35f ./system/src/diag/trace_impl.o
 .debug_info    0x0000000000004a70       0xe9 ./system/src/cortexm/exception_handlers.o
 .debug_info    0x0000000000004b59      0x4a7 ./system/src/cmsis/system_stm32f4xx.o
 .debug_info    0x0000000000005000       0x92 ./system/src/cmsis/vectors_stm32f4xx.o
 .debug_info    0x0000000000005092      0x72f ./src/Timer.o
 .debug_info    0x00000000000057c1      0x4c6 ./src/_initialize_hardware.o
 .debug_info    0x0000000000005c87      0x369 ./src/main.o

.debug_abbrev   0x0000000000000000     0x18e6
 *(.debug_abbrev)
 .debug_abbrev  0x0000000000000000      0x1b0 ./system/src/stm32f4-hal/stm32f4xx_hal.o
 .debug_abbrev  0x00000000000001b0      0x2bb ./system/src/stm32f4-hal/stm32f4xx_hal_cortex.o
 .debug_abbrev  0x000000000000046b      0x1ef ./system/src/stm32f4-hal/stm32f4xx_hal_gpio.o
 .debug_abbrev  0x000000000000065a      0x2d9 ./system/src/stm32f4-hal/stm32f4xx_hal_rcc.o
 .debug_abbrev  0x0000000000000933       0xa4 ./system/src/newlib/_exit.o
 .debug_abbrev  0x00000000000009d7       0xbb ./system/src/newlib/_sbrk.o
 .debug_abbrev  0x0000000000000a92      0x1da ./system/src/newlib/_startup.o
 .debug_abbrev  0x0000000000000c6c      0x178 ./system/src/newlib/_syscalls.o
 .debug_abbrev  0x0000000000000de4       0xc9 ./system/src/newlib/assert.o
 .debug_abbrev  0x0000000000000ead      0x178 ./system/src/diag/Trace.o
 .debug_abbrev  0x0000000000001025      0x1d0 ./system/src/diag/trace_impl.o
 .debug_abbrev  0x00000000000011f5       0x65 ./system/src/cortexm/exception_handlers.o
 .debug_abbrev  0x000000000000125a      0x104 ./system/src/cmsis/system_stm32f4xx.o
 .debug_abbrev  0x000000000000135e       0x92 ./system/src/cmsis/vectors_stm32f4xx.o
 .debug_abbrev  0x00000000000013f0      0x1b3 ./src/Timer.o
 .debug_abbrev  0x00000000000015a3      0x17e ./src/_initialize_hardware.o
 .debug_abbrev  0x0000000000001721      0x1c5 ./src/main.o

.debug_line     0x0000000000000000     0x4eea
 *(.debug_line)
 .debug_line    0x0000000000000000      0x815 ./system/src/stm32f4-hal/stm32f4xx_hal.o
 .debug_line    0x0000000000000815      0x881 ./system/src/stm32f4-hal/stm32f4xx_hal_cortex.o
 .debug_line    0x0000000000001096      0x851 ./system/src/stm32f4-hal/stm32f4xx_hal_gpio.o
 .debug_line    0x00000000000018e7      0xb74 ./system/src/stm32f4-hal/stm32f4xx_hal_rcc.o
 .debug_line    0x000000000000245b      0x1e2 ./system/src/newlib/_exit.o
 .debug_line    0x000000000000263d      0x194 ./system/src/newlib/_sbrk.o
 .debug_line    0x00000000000027d1      0x257 ./system/src/newlib/_startup.o
 .debug_line    0x0000000000002a28      0x3cb ./system/src/newlib/_syscalls.o
 .debug_line    0x0000000000002df3      0x219 ./system/src/newlib/assert.o
 .debug_line    0x000000000000300c      0x27c ./system/src/diag/Trace.o
 .debug_line    0x0000000000003288      0x2d5 ./system/src/diag/trace_impl.o
 .debug_line    0x000000000000355d       0x9f ./system/src/cortexm/exception_handlers.o
 .debug_line    0x00000000000035fc      0x715 ./system/src/cmsis/system_stm32f4xx.o
 .debug_line    0x0000000000003d11       0x89 ./system/src/cmsis/vectors_stm32f4xx.o
 .debug_line    0x0000000000003d9a      0x234 ./src/Timer.o
 .debug_line    0x0000000000003fce      0x708 ./src/_initialize_hardware.o
 .debug_line    0x00000000000046d6      0x814 ./src/main.o

.debug_frame    0x0000000000000000      0xd58
 *(.debug_frame)
 .debug_frame   0x0000000000000000      0x14c ./system/src/stm32f4-hal/stm32f4xx_hal.o
 .debug_frame   0x000000000000014c      0x134 ./system/src/stm32f4-hal/stm32f4xx_hal_cortex.o
 .debug_frame   0x0000000000000280       0xd8 ./system/src/stm32f4-hal/stm32f4xx_hal_gpio.o
 .debug_frame   0x0000000000000358      0x13c ./system/src/stm32f4-hal/stm32f4xx_hal_rcc.o
 .debug_frame   0x0000000000000494       0x38 ./system/src/newlib/_exit.o
 .debug_frame   0x00000000000004cc       0x28 ./system/src/newlib/_sbrk.o
 .debug_frame   0x00000000000004f4       0x80 ./system/src/newlib/_startup.o
 .debug_frame   0x0000000000000574      0x230 ./system/src/newlib/_syscalls.o
 .debug_frame   0x00000000000007a4       0x40 ./system/src/newlib/assert.o
 .debug_frame   0x00000000000007e4       0x84 ./system/src/diag/Trace.o
 .debug_frame   0x0000000000000868       0x58 ./system/src/diag/trace_impl.o
 .debug_frame   0x00000000000008c0       0xb8 ./system/src/cortexm/exception_handlers.o
 .debug_frame   0x0000000000000978       0x30 ./system/src/cmsis/system_stm32f4xx.o
 .debug_frame   0x00000000000009a8       0x20 ./system/src/cmsis/vectors_stm32f4xx.o
 .debug_frame   0x00000000000009c8       0x58 ./src/Timer.o
 .debug_frame   0x0000000000000a20       0x44 ./src/_initialize_hardware.o
 .debug_frame   0x0000000000000a64       0x30 ./src/main.o
 .debug_frame   0x0000000000000a94       0x20 /usr/bin/../lib/gcc/arm-none-eabi/4.8.4/../../../../arm-none-eabi/lib/armv7e-m/libg_s.a(lib_a-errno.o)
 .debug_frame   0x0000000000000ab4       0x20 /usr/bin/../lib/gcc/arm-none-eabi/4.8.4/../../../../arm-none-eabi/lib/armv7e-m/libg_s.a(lib_a-strlen.o)
 .debug_frame   0x0000000000000ad4       0x4c /usr/bin/../lib/gcc/arm-none-eabi/4.8.4/../../../../arm-none-eabi/lib/armv7e-m/libg_s.a(lib_a-vsnprintf.o)
 .debug_frame   0x0000000000000b20       0x88 /usr/bin/../lib/gcc/arm-none-eabi/4.8.4/../../../../arm-none-eabi/lib/armv7e-m/libg_s.a(lib_a-svfprintf.o)
 .debug_frame   0x0000000000000ba8       0x60 /usr/bin/../lib/gcc/arm-none-eabi/4.8.4/../../../../arm-none-eabi/lib/armv7e-m/libg_s.a(lib_a-vfprintf_i.o)
 .debug_frame   0x0000000000000c08       0x28 /usr/bin/../lib/gcc/arm-none-eabi/4.8.4/../../../../arm-none-eabi/lib/armv7e-m/libg_s.a(lib_a-memchr-stub.o)
 .debug_frame   0x0000000000000c30       0x28 /usr/bin/../lib/gcc/arm-none-eabi/4.8.4/../../../../arm-none-eabi/lib/armv7e-m/libg_s.a(lib_a-memcpy-stub.o)
 .debug_frame   0x0000000000000c58       0x2c /usr/bin/../lib/gcc/arm-none-eabi/4.8.4/../../../../arm-none-eabi/lib/armv7e-m/libg_s.a(lib_a-memmove.o)
 .debug_frame   0x0000000000000c84       0x2c /usr/bin/../lib/gcc/arm-none-eabi/4.8.4/../../../../arm-none-eabi/lib/armv7e-m/libg_s.a(lib_a-nano-freer.o)
 .debug_frame   0x0000000000000cb0       0x2c /usr/bin/../lib/gcc/arm-none-eabi/4.8.4/../../../../arm-none-eabi/lib/armv7e-m/libg_s.a(lib_a-nano-mallocr.o)
 .debug_frame   0x0000000000000cdc       0x30 /usr/bin/../lib/gcc/arm-none-eabi/4.8.4/../../../../arm-none-eabi/lib/armv7e-m/libg_s.a(lib_a-nano-reallocr.o)
 .debug_frame   0x0000000000000d0c       0x2c /usr/bin/../lib/gcc/arm-none-eabi/4.8.4/../../../../arm-none-eabi/lib/armv7e-m/libg_s.a(lib_a-sbrkr.o)
 .debug_frame   0x0000000000000d38       0x20 /usr/bin/../lib/gcc/arm-none-eabi/4.8.4/../../../../arm-none-eabi/lib/armv7e-m/libg_s.a(lib_a-nano-msizer.o)

.debug_str      0x0000000000000000    0x81585
 *(.debug_str)
 .debug_str     0x0000000000000000    0x7a557 ./system/src/stm32f4-hal/stm32f4xx_hal.o
                                      0x7a6fd (size before relaxing)
 .debug_str     0x000000000007a557      0x7d2 ./system/src/stm32f4-hal/stm32f4xx_hal_cortex.o
                                      0x7aa43 (size before relaxing)
 .debug_str     0x000000000007ad29      0x5f5 ./system/src/stm32f4-hal/stm32f4xx_hal_gpio.o
                                      0x7a83c (size before relaxing)
 .debug_str     0x000000000007b31e      0x453 ./system/src/stm32f4-hal/stm32f4xx_hal_rcc.o
                                      0x7ad53 (size before relaxing)
 .debug_str     0x000000000007b771     0x2934 ./system/src/newlib/_exit.o
                                       0x4f07 (size before relaxing)
 .debug_str     0x000000000007e0a5      0x4de ./system/src/newlib/_sbrk.o
                                       0x44bd (size before relaxing)
 .debug_str     0x000000000007e583      0x24c ./system/src/newlib/_startup.o
                                       0x3f2d (size before relaxing)
 .debug_str     0x000000000007e7cf      0xe3b ./system/src/newlib/_syscalls.o
                                       0x537c (size before relaxing)
 .debug_str     0x000000000007f60a       0xd0 ./system/src/newlib/assert.o
                                       0x58ca (size before relaxing)
 .debug_str     0x000000000007f6da     0x175d ./system/src/diag/Trace.o
                                       0x65ee (size before relaxing)
 .debug_str     0x0000000000080e37      0x37d ./system/src/diag/trace_impl.o
                                      0x3e44e (size before relaxing)
 .debug_str     0x00000000000811b4       0xe8 ./system/src/cortexm/exception_handlers.o
                                       0x2549 (size before relaxing)
 .debug_str     0x000000000008129c       0x67 ./system/src/cmsis/system_stm32f4xx.o
                                      0x7a36d (size before relaxing)
 .debug_str     0x0000000000081303       0x57 ./system/src/cmsis/vectors_stm32f4xx.o
                                       0x24e6 (size before relaxing)
 .debug_str     0x000000000008135a       0x76 ./src/Timer.o
                                      0x3cc24 (size before relaxing)
 .debug_str     0x00000000000813d0       0x35 ./src/_initialize_hardware.o
                                      0x7a45a (size before relaxing)
 .debug_str     0x0000000000081405      0x180 ./src/main.o
                                      0x7d2df (size before relaxing)

.debug_loc      0x0000000000000000     0x1c86
 *(.debug_loc)
 .debug_loc     0x0000000000000000       0x1f ./system/src/stm32f4-hal/stm32f4xx_hal.o
 .debug_loc     0x000000000000001f      0x537 ./system/src/stm32f4-hal/stm32f4xx_hal_cortex.o
 .debug_loc     0x0000000000000556      0x2aa ./system/src/stm32f4-hal/stm32f4xx_hal_gpio.o
 .debug_loc     0x0000000000000800      0x6f0 ./system/src/stm32f4-hal/stm32f4xx_hal_rcc.o
 .debug_loc     0x0000000000000ef0       0x6b ./system/src/newlib/_sbrk.o
 .debug_loc     0x0000000000000f5b      0x265 ./system/src/newlib/_startup.o
 .debug_loc     0x00000000000011c0      0x549 ./system/src/newlib/_syscalls.o
 .debug_loc     0x0000000000001709      0x102 ./system/src/newlib/assert.o
 .debug_loc     0x000000000000180b       0xf7 ./system/src/diag/Trace.o
 .debug_loc     0x0000000000001902      0x1a5 ./system/src/diag/trace_impl.o
 .debug_loc     0x0000000000001aa7      0x125 ./system/src/cmsis/system_stm32f4xx.o
 .debug_loc     0x0000000000001bcc       0x59 ./src/Timer.o
 .debug_loc     0x0000000000001c25       0x61 ./src/main.o

.debug_macinfo
 *(.debug_macinfo)

.debug_weaknames
 *(.debug_weaknames)

.debug_funcnames
 *(.debug_funcnames)

.debug_typenames
 *(.debug_typenames)

.debug_varnames
 *(.debug_varnames)
OUTPUT(test.elf elf32-littlearm)

.debug_ranges   0x0000000000000000      0x448
 .debug_ranges  0x0000000000000000       0x98 ./system/src/stm32f4-hal/stm32f4xx_hal.o
 .debug_ranges  0x0000000000000098       0x80 ./system/src/stm32f4-hal/stm32f4xx_hal_cortex.o
 .debug_ranges  0x0000000000000118       0x40 ./system/src/stm32f4-hal/stm32f4xx_hal_gpio.o
 .debug_ranges  0x0000000000000158       0x78 ./system/src/stm32f4-hal/stm32f4xx_hal_rcc.o
 .debug_ranges  0x00000000000001d0       0x18 ./system/src/newlib/_exit.o
 .debug_ranges  0x00000000000001e8       0x10 ./system/src/newlib/_sbrk.o
 .debug_ranges  0x00000000000001f8       0x48 ./system/src/newlib/_startup.o
 .debug_ranges  0x0000000000000240       0xc0 ./system/src/newlib/_syscalls.o
 .debug_ranges  0x0000000000000300       0x18 ./system/src/newlib/assert.o
 .debug_ranges  0x0000000000000318       0x28 ./system/src/diag/Trace.o
 .debug_ranges  0x0000000000000340       0x20 ./system/src/diag/trace_impl.o
 .debug_ranges  0x0000000000000360       0x58 ./system/src/cortexm/exception_handlers.o
 .debug_ranges  0x00000000000003b8       0x18 ./system/src/cmsis/system_stm32f4xx.o
 .debug_ranges  0x00000000000003d0       0x10 ./system/src/cmsis/vectors_stm32f4xx.o
 .debug_ranges  0x00000000000003e0       0x28 ./src/Timer.o
 .debug_ranges  0x0000000000000408       0x18 ./src/_initialize_hardware.o
 .debug_ranges  0x0000000000000420       0x28 ./src/main.o

.debug_macro    0x0000000000000000    0x148b6
 .debug_macro   0x0000000000000000      0x32c ./system/src/stm32f4-hal/stm32f4xx_hal.o
 .debug_macro   0x000000000000032c      0x87a ./system/src/stm32f4-hal/stm32f4xx_hal.o
 .debug_macro   0x0000000000000ba6      0x23b ./system/src/stm32f4-hal/stm32f4xx_hal.o
 .debug_macro   0x0000000000000de1       0x28 ./system/src/stm32f4-hal/stm32f4xx_hal.o
 .debug_macro   0x0000000000000e09       0x28 ./system/src/stm32f4-hal/stm32f4xx_hal.o
 .debug_macro   0x0000000000000e31       0x3b ./system/src/stm32f4-hal/stm32f4xx_hal.o
 .debug_macro   0x0000000000000e6c       0x16 ./system/src/stm32f4-hal/stm32f4xx_hal.o
 .debug_macro   0x0000000000000e82       0x44 ./system/src/stm32f4-hal/stm32f4xx_hal.o
 .debug_macro   0x0000000000000ec6      0x209 ./system/src/stm32f4-hal/stm32f4xx_hal.o
 .debug_macro   0x00000000000010cf       0x2d ./system/src/stm32f4-hal/stm32f4xx_hal.o
 .debug_macro   0x00000000000010fc       0x26 ./system/src/stm32f4-hal/stm32f4xx_hal.o
 .debug_macro   0x0000000000001122      0xd39 ./system/src/stm32f4-hal/stm32f4xx_hal.o
 .debug_macro   0x0000000000001e5b     0x8f1b ./system/src/stm32f4-hal/stm32f4xx_hal.o
 .debug_macro   0x000000000000ad76       0x43 ./system/src/stm32f4-hal/stm32f4xx_hal.o
 .debug_macro   0x000000000000adb9       0x46 ./system/src/stm32f4-hal/stm32f4xx_hal.o
 .debug_macro   0x000000000000adff      0xb80 ./system/src/stm32f4-hal/stm32f4xx_hal.o
 .debug_macro   0x000000000000b97f      0x40f ./system/src/stm32f4-hal/stm32f4xx_hal.o
 .debug_macro   0x000000000000bd8e      0x138 ./system/src/stm32f4-hal/stm32f4xx_hal.o
 .debug_macro   0x000000000000bec6      0x137 ./system/src/stm32f4-hal/stm32f4xx_hal.o
 .debug_macro   0x000000000000bffd      0x2c6 ./system/src/stm32f4-hal/stm32f4xx_hal.o
 .debug_macro   0x000000000000c2c3       0x52 ./system/src/stm32f4-hal/stm32f4xx_hal.o
 .debug_macro   0x000000000000c315      0x3e5 ./system/src/stm32f4-hal/stm32f4xx_hal.o
 .debug_macro   0x000000000000c6fa      0x14c ./system/src/stm32f4-hal/stm32f4xx_hal.o
 .debug_macro   0x000000000000c846      0x3bb ./system/src/stm32f4-hal/stm32f4xx_hal.o
 .debug_macro   0x000000000000cc01       0x10 ./system/src/stm32f4-hal/stm32f4xx_hal.o
 .debug_macro   0x000000000000cc11      0x11a ./system/src/stm32f4-hal/stm32f4xx_hal.o
 .debug_macro   0x000000000000cd2b       0xcd ./system/src/stm32f4-hal/stm32f4xx_hal.o
 .debug_macro   0x000000000000cdf8      0x1ca ./system/src/stm32f4-hal/stm32f4xx_hal.o
 .debug_macro   0x000000000000cfc2      0xda8 ./system/src/stm32f4-hal/stm32f4xx_hal.o
 .debug_macro   0x000000000000dd6a      0x132 ./system/src/stm32f4-hal/stm32f4xx_hal.o
 .debug_macro   0x000000000000de9c      0x217 ./system/src/stm32f4-hal/stm32f4xx_hal.o
 .debug_macro   0x000000000000e0b3      0x4ee ./system/src/stm32f4-hal/stm32f4xx_hal.o
 .debug_macro   0x000000000000e5a1       0x65 ./system/src/stm32f4-hal/stm32f4xx_hal.o
 .debug_macro   0x000000000000e606       0x8f ./system/src/stm32f4-hal/stm32f4xx_hal.o
 .debug_macro   0x000000000000e695       0x9a ./system/src/stm32f4-hal/stm32f4xx_hal.o
 .debug_macro   0x000000000000e72f      0x1df ./system/src/stm32f4-hal/stm32f4xx_hal.o
 .debug_macro   0x000000000000e90e      0x1a0 ./system/src/stm32f4-hal/stm32f4xx_hal.o
 .debug_macro   0x000000000000eaae       0x9d ./system/src/stm32f4-hal/stm32f4xx_hal.o
 .debug_macro   0x000000000000eb4b      0x17f ./system/src/stm32f4-hal/stm32f4xx_hal.o
 .debug_macro   0x000000000000ecca       0x65 ./system/src/stm32f4-hal/stm32f4xx_hal.o
 .debug_macro   0x000000000000ed2f      0x3b4 ./system/src/stm32f4-hal/stm32f4xx_hal.o
 .debug_macro   0x000000000000f0e3      0x313 ./system/src/stm32f4-hal/stm32f4xx_hal.o
 .debug_macro   0x000000000000f3f6      0x4c5 ./system/src/stm32f4-hal/stm32f4xx_hal.o
 .debug_macro   0x000000000000f8bb      0x22b ./system/src/stm32f4-hal/stm32f4xx_hal.o
 .debug_macro   0x000000000000fae6      0x1ca ./system/src/stm32f4-hal/stm32f4xx_hal.o
 .debug_macro   0x000000000000fcb0      0x822 ./system/src/stm32f4-hal/stm32f4xx_hal.o
 .debug_macro   0x00000000000104d2       0x4d ./system/src/stm32f4-hal/stm32f4xx_hal.o
 .debug_macro   0x000000000001051f      0x1ed ./system/src/stm32f4-hal/stm32f4xx_hal.o
 .debug_macro   0x000000000001070c      0x1ae ./system/src/stm32f4-hal/stm32f4xx_hal.o
 .debug_macro   0x00000000000108ba      0x137 ./system/src/stm32f4-hal/stm32f4xx_hal.o
 .debug_macro   0x00000000000109f1      0x1ae ./system/src/stm32f4-hal/stm32f4xx_hal.o
 .debug_macro   0x0000000000010b9f       0x77 ./system/src/stm32f4-hal/stm32f4xx_hal.o
 .debug_macro   0x0000000000010c16      0x1df ./system/src/stm32f4-hal/stm32f4xx_hal.o
 .debug_macro   0x0000000000010df5       0xfa ./system/src/stm32f4-hal/stm32f4xx_hal.o
 .debug_macro   0x0000000000010eef       0x88 ./system/src/stm32f4-hal/stm32f4xx_hal.o
 .debug_macro   0x0000000000010f77      0x126 ./system/src/stm32f4-hal/stm32f4xx_hal.o
 .debug_macro   0x000000000001109d      0x2de ./system/src/stm32f4-hal/stm32f4xx_hal_cortex.o
 .debug_macro   0x000000000001137b      0x31d ./system/src/stm32f4-hal/stm32f4xx_hal_gpio.o
 .debug_macro   0x0000000000011698      0x320 ./system/src/stm32f4-hal/stm32f4xx_hal_rcc.o
 .debug_macro   0x00000000000119b8      0x11b ./system/src/newlib/_exit.o
 .debug_macro   0x0000000000011ad3      0x87a ./system/src/newlib/_exit.o
 .debug_macro   0x000000000001234d       0xa3 ./system/src/newlib/_exit.o
 .debug_macro   0x00000000000123f0      0x10e ./system/src/newlib/_exit.o
 .debug_macro   0x00000000000124fe       0x86 ./system/src/newlib/_exit.o
 .debug_macro   0x0000000000012584       0x43 ./system/src/newlib/_exit.o
 .debug_macro   0x00000000000125c7       0x10 ./system/src/newlib/_exit.o
 .debug_macro   0x00000000000125d7       0x35 ./system/src/newlib/_exit.o
 .debug_macro   0x000000000001260c       0xd1 ./system/src/newlib/_sbrk.o
 .debug_macro   0x00000000000126dd       0x19 ./system/src/newlib/_sbrk.o
 .debug_macro   0x00000000000126f6      0x16d ./system/src/newlib/_sbrk.o
 .debug_macro   0x0000000000012863       0x10 ./system/src/newlib/_sbrk.o
 .debug_macro   0x0000000000012873      0x23b ./system/src/newlib/_sbrk.o
 .debug_macro   0x0000000000012aae       0xe7 ./system/src/newlib/_startup.o
 .debug_macro   0x0000000000012b95      0x169 ./system/src/newlib/_syscalls.o
 .debug_macro   0x0000000000012cfe       0x1c ./system/src/newlib/_syscalls.o
 .debug_macro   0x0000000000012d1a       0x10 ./system/src/newlib/_syscalls.o
 .debug_macro   0x0000000000012d2a       0x10 ./system/src/newlib/_syscalls.o
 .debug_macro   0x0000000000012d3a       0x10 ./system/src/newlib/_syscalls.o
 .debug_macro   0x0000000000012d4a       0x35 ./system/src/newlib/_syscalls.o
 .debug_macro   0x0000000000012d7f      0x120 ./system/src/newlib/_syscalls.o
 .debug_macro   0x0000000000012e9f       0x22 ./system/src/newlib/_syscalls.o
 .debug_macro   0x0000000000012ec1       0x2b ./system/src/newlib/_syscalls.o
 .debug_macro   0x0000000000012eec      0x118 ./system/src/newlib/_syscalls.o
 .debug_macro   0x0000000000013004      0x13a ./system/src/newlib/_syscalls.o
 .debug_macro   0x000000000001313e       0x16 ./system/src/newlib/_syscalls.o
 .debug_macro   0x0000000000013154      0x137 ./system/src/newlib/assert.o
 .debug_macro   0x000000000001328b       0x1c ./system/src/newlib/assert.o
 .debug_macro   0x00000000000132a7      0x20f ./system/src/newlib/assert.o
 .debug_macro   0x00000000000134b6      0x15a ./system/src/diag/Trace.o
 .debug_macro   0x0000000000013610       0x16 ./system/src/diag/Trace.o
 .debug_macro   0x0000000000013626       0x97 ./system/src/diag/Trace.o
 .debug_macro   0x00000000000136bd       0x10 ./system/src/diag/Trace.o
 .debug_macro   0x00000000000136cd       0xf6 ./system/src/diag/Trace.o
 .debug_macro   0x00000000000137c3       0x16 ./system/src/diag/Trace.o
 .debug_macro   0x00000000000137d9      0x16c ./system/src/diag/Trace.o
 .debug_macro   0x0000000000013945       0x52 ./system/src/diag/Trace.o
 .debug_macro   0x0000000000013997      0x283 ./system/src/diag/Trace.o
 .debug_macro   0x0000000000013c1a       0x10 ./system/src/diag/Trace.o
 .debug_macro   0x0000000000013c2a       0x1f ./system/src/diag/Trace.o
 .debug_macro   0x0000000000013c49      0x15f ./system/src/diag/trace_impl.o
 .debug_macro   0x0000000000013da8       0x22 ./system/src/diag/trace_impl.o
 .debug_macro   0x0000000000013dca       0x1b ./system/src/cortexm/exception_handlers.o
 .debug_macro   0x0000000000013de5      0x2e4 ./system/src/cmsis/system_stm32f4xx.o
 .debug_macro   0x00000000000140c9       0x1b ./system/src/cmsis/vectors_stm32f4xx.o
 .debug_macro   0x00000000000140e4       0xbc ./src/Timer.o
 .debug_macro   0x00000000000141a0      0x2d8 ./src/_initialize_hardware.o
 .debug_macro   0x0000000000014478      0x3f8 ./src/main.o
 .debug_macro   0x0000000000014870       0x46 ./src/main.o
